// Jest Snapshot v1, https://goo.gl/fbAQLP

exports[`renders as expected 1`] = `
Object {
  "asFragment": [Function],
  "baseElement": <body>
    <div>
      <div>
        <p>
          Title: 
          <span>
            mocked
          </span>
        </p>
        <p>
          Author(s):
          <span>
            <span>
               mocked 
            </span>
          </span>
        </p>
        <p>
          Publication year: 
          <span>
            2020
          </span>
        </p>
        <p>
          Publication country : 
          <span>
            mocked
          </span>
        </p>
        <p>
          Publication city : 
          <span>
            mocked
          </span>
        </p>
        <p>
          Total pages: 
          <span>
            104
          </span>
        </p>
        <p>
          Id: 
          <span>
            1
             
          </span>
        </p>
      </div>
    </div>
  </body>,
  "container": <div>
    <div>
      <p>
        Title: 
        <span>
          mocked
        </span>
      </p>
      <p>
        Author(s):
        <span>
          <span>
             mocked 
          </span>
        </span>
      </p>
      <p>
        Publication year: 
        <span>
          2020
        </span>
      </p>
      <p>
        Publication country : 
        <span>
          mocked
        </span>
      </p>
      <p>
        Publication city : 
        <span>
          mocked
        </span>
      </p>
      <p>
        Total pages: 
        <span>
          104
        </span>
      </p>
      <p>
        Id: 
        <span>
          1
           
        </span>
      </p>
    </div>
  </div>,
  "debug": [Function],
  "findAllByAltText": [Function],
  "findAllByDisplayValue": [Function],
  "findAllByLabelText": [Function],
  "findAllByPlaceholderText": [Function],
  "findAllByRole": [Function],
  "findAllByTestId": [Function],
  "findAllByText": [Function],
  "findAllByTitle": [Function],
  "findByAltText": [Function],
  "findByDisplayValue": [Function],
  "findByLabelText": [Function],
  "findByPlaceholderText": [Function],
  "findByRole": [Function],
  "findByTestId": [Function],
  "findByText": [Function],
  "findByTitle": [Function],
  "getAllByAltText": [Function],
  "getAllByDisplayValue": [Function],
  "getAllByLabelText": [Function],
  "getAllByPlaceholderText": [Function],
  "getAllByRole": [Function],
  "getAllByTestId": [Function],
  "getAllByText": [Function],
  "getAllByTitle": [Function],
  "getByAltText": [Function],
  "getByDisplayValue": [Function],
  "getByLabelText": [Function],
  "getByPlaceholderText": [Function],
  "getByRole": [Function],
  "getByTestId": [Function],
  "getByText": [Function],
  "getByTitle": [Function],
  "queryAllByAltText": [Function],
  "queryAllByDisplayValue": [Function],
  "queryAllByLabelText": [Function],
  "queryAllByPlaceholderText": [Function],
  "queryAllByRole": [Function],
  "queryAllByTestId": [Function],
  "queryAllByText": [Function],
  "queryAllByTitle": [Function],
  "queryByAltText": [Function],
  "queryByDisplayValue": [Function],
  "queryByLabelText": [Function],
  "queryByPlaceholderText": [Function],
  "queryByRole": [Function],
  "queryByTestId": [Function],
  "queryByText": [Function],
  "queryByTitle": [Function],
  "rerender": [Function],
  "unmount": [Function],
}
`;
